// Jest Snapshot v1, https://goo.gl/fbAQLP

exports[`Pages - Admin::Users::Show is snapshotable 1`] = `<show />`;
