// Jest Snapshot v1, https://goo.gl/fbAQLP

exports[`components - Header is snapshotable 1`] = `
<header
  className="Admin-header"
>
  <nav
    className="navbar navbar-expand-lg navbar-light bg-light w-100vw"
  >
    <div
      className="header-logo navbar-brand"
    >
      <a
        className="header-link"
        href="/admin/"
        onClick={[Function]}
      >
        <img
          alt="Admin Logo"
          src="dus-logo.png"
        />
      </a>
    </div>
    <div
      className="ml-auto navbar-brand"
    />
  </nav>
</header>
`;
