// Jest Snapshot v1, https://goo.gl/fbAQLP

exports[`components - Admin is snapshotable 1`] = `
<section
  className="Admin"
>
  <header
    className="Admin-header"
  >
    <nav
      className="navbar navbar-expand-lg navbar-light bg-light w-100vw"
    >
      <div
        className="header-logo navbar-brand"
      >
        <a
          className="header-link"
          href="/admin/"
          onClick={[Function]}
        >
          <img
            alt="Admin Logo"
            src="dus-logo.png"
          />
        </a>
      </div>
      <div
        className="ml-auto navbar-brand"
      />
    </nav>
  </header>
  <div
    className="main Admin-main container-fluid"
  >
    <div
      className="calendar form-group"
    >
      <header
        className="calendar-header calendar-row flex-middle"
      >
        <div
          className="calendar-col col-start pl-3"
        >
          <i
            className="material-icons clickable"
            data-function="previous-month"
            onClick={[Function]}
          >
            chevron_left
          </i>
        </div>
        <h4
          className="calendar-col col-center"
          data-label="month-name"
        >
          October 2018
        </h4>
        <div
          className="calendar-col col-end pr-3"
        >
          <i
            className="material-icons clickable"
            data-function="next-month"
            onClick={[Function]}
          >
            chevron_right
          </i>
        </div>
      </header>
      <div
        className="calendar-labels calendar-row"
      >
        <div
          className="calendar-col col-center"
          data-purpose="calendar-label"
        >
          <div
            className="col-overflow"
          >
            Sunday
          </div>
        </div>
        <div
          className="calendar-col col-center"
          data-purpose="calendar-label"
        >
          <div
            className="col-overflow"
          >
            Monday
          </div>
        </div>
        <div
          className="calendar-col col-center"
          data-purpose="calendar-label"
        >
          <div
            className="col-overflow"
          >
            Tuesday
          </div>
        </div>
        <div
          className="calendar-col col-center"
          data-purpose="calendar-label"
        >
          <div
            className="col-overflow"
          >
            Wednesday
          </div>
        </div>
        <div
          className="calendar-col col-center"
          data-purpose="calendar-label"
        >
          <div
            className="col-overflow"
          >
            Thursday
          </div>
        </div>
        <div
          className="calendar-col col-center"
          data-purpose="calendar-label"
        >
          <div
            className="col-overflow"
          >
            Friday
          </div>
        </div>
        <div
          className="calendar-col col-center"
          data-purpose="calendar-label"
        >
          <div
            className="col-overflow"
          >
            Saturday
          </div>
        </div>
      </div>
      <div
        className="calendar-body"
      >
        <div
          className="calendar-row"
        >
          <div
            className="calendar-col cell clickable disabled"
            onClick={[Function]}
          >
            <span
              className="number"
            >
              30
            </span>
            <span
              className="bg"
            >
              30
            </span>
          </div>
          <div
            className="calendar-col cell clickable "
            onClick={[Function]}
          >
            <span
              className="number"
            >
              1
            </span>
            <span
              className="bg"
            >
              1
            </span>
          </div>
          <div
            className="calendar-col cell clickable "
            onClick={[Function]}
          >
            <span
              className="number"
            >
              2
            </span>
            <span
              className="bg"
            >
              2
            </span>
          </div>
          <div
            className="calendar-col cell clickable selected"
            onClick={[Function]}
          >
            <span
              className="number"
            >
              3
            </span>
            <span
              className="bg"
            >
              3
            </span>
          </div>
          <div
            className="calendar-col cell clickable "
            onClick={[Function]}
          >
            <span
              className="number"
            >
              4
            </span>
            <span
              className="bg"
            >
              4
            </span>
          </div>
          <div
            className="calendar-col cell clickable "
            onClick={[Function]}
          >
            <span
              className="number"
            >
              5
            </span>
            <span
              className="bg"
            >
              5
            </span>
          </div>
          <div
            className="calendar-col cell clickable "
            onClick={[Function]}
          >
            <span
              className="number"
            >
              6
            </span>
            <span
              className="bg"
            >
              6
            </span>
          </div>
        </div>
        <div
          className="calendar-row"
        >
          <div
            className="calendar-col cell clickable "
            onClick={[Function]}
          >
            <span
              className="number"
            >
              7
            </span>
            <span
              className="bg"
            >
              7
            </span>
          </div>
          <div
            className="calendar-col cell clickable "
            onClick={[Function]}
          >
            <span
              className="number"
            >
              8
            </span>
            <span
              className="bg"
            >
              8
            </span>
          </div>
          <div
            className="calendar-col cell clickable "
            onClick={[Function]}
          >
            <span
              className="number"
            >
              9
            </span>
            <span
              className="bg"
            >
              9
            </span>
          </div>
          <div
            className="calendar-col cell clickable "
            onClick={[Function]}
          >
            <span
              className="number"
            >
              10
            </span>
            <span
              className="bg"
            >
              10
            </span>
          </div>
          <div
            className="calendar-col cell clickable "
            onClick={[Function]}
          >
            <span
              className="number"
            >
              11
            </span>
            <span
              className="bg"
            >
              11
            </span>
          </div>
          <div
            className="calendar-col cell clickable "
            onClick={[Function]}
          >
            <span
              className="number"
            >
              12
            </span>
            <span
              className="bg"
            >
              12
            </span>
          </div>
          <div
            className="calendar-col cell clickable "
            onClick={[Function]}
          >
            <span
              className="number"
            >
              13
            </span>
            <span
              className="bg"
            >
              13
            </span>
          </div>
        </div>
        <div
          className="calendar-row"
        >
          <div
            className="calendar-col cell clickable "
            onClick={[Function]}
          >
            <span
              className="number"
            >
              14
            </span>
            <span
              className="bg"
            >
              14
            </span>
          </div>
          <div
            className="calendar-col cell clickable "
            onClick={[Function]}
          >
            <span
              className="number"
            >
              15
            </span>
            <span
              className="bg"
            >
              15
            </span>
          </div>
          <div
            className="calendar-col cell clickable "
            onClick={[Function]}
          >
            <span
              className="number"
            >
              16
            </span>
            <span
              className="bg"
            >
              16
            </span>
          </div>
          <div
            className="calendar-col cell clickable "
            onClick={[Function]}
          >
            <span
              className="number"
            >
              17
            </span>
            <span
              className="bg"
            >
              17
            </span>
          </div>
          <div
            className="calendar-col cell clickable "
            onClick={[Function]}
          >
            <span
              className="number"
            >
              18
            </span>
            <span
              className="bg"
            >
              18
            </span>
          </div>
          <div
            className="calendar-col cell clickable "
            onClick={[Function]}
          >
            <span
              className="number"
            >
              19
            </span>
            <span
              className="bg"
            >
              19
            </span>
          </div>
          <div
            className="calendar-col cell clickable "
            onClick={[Function]}
          >
            <span
              className="number"
            >
              20
            </span>
            <span
              className="bg"
            >
              20
            </span>
          </div>
        </div>
        <div
          className="calendar-row"
        >
          <div
            className="calendar-col cell clickable "
            onClick={[Function]}
          >
            <span
              className="number"
            >
              21
            </span>
            <span
              className="bg"
            >
              21
            </span>
          </div>
          <div
            className="calendar-col cell clickable "
            onClick={[Function]}
          >
            <span
              className="number"
            >
              22
            </span>
            <span
              className="bg"
            >
              22
            </span>
          </div>
          <div
            className="calendar-col cell clickable "
            onClick={[Function]}
          >
            <span
              className="number"
            >
              23
            </span>
            <span
              className="bg"
            >
              23
            </span>
          </div>
          <div
            className="calendar-col cell clickable "
            onClick={[Function]}
          >
            <span
              className="number"
            >
              24
            </span>
            <span
              className="bg"
            >
              24
            </span>
          </div>
          <div
            className="calendar-col cell clickable "
            onClick={[Function]}
          >
            <span
              className="number"
            >
              25
            </span>
            <span
              className="bg"
            >
              25
            </span>
          </div>
          <div
            className="calendar-col cell clickable "
            onClick={[Function]}
          >
            <span
              className="number"
            >
              26
            </span>
            <span
              className="bg"
            >
              26
            </span>
          </div>
          <div
            className="calendar-col cell clickable "
            onClick={[Function]}
          >
            <span
              className="number"
            >
              27
            </span>
            <span
              className="bg"
            >
              27
            </span>
          </div>
        </div>
        <div
          className="calendar-row"
        >
          <div
            className="calendar-col cell clickable "
            onClick={[Function]}
          >
            <span
              className="number"
            >
              28
            </span>
            <span
              className="bg"
            >
              28
            </span>
          </div>
          <div
            className="calendar-col cell clickable "
            onClick={[Function]}
          >
            <span
              className="number"
            >
              29
            </span>
            <span
              className="bg"
            >
              29
            </span>
          </div>
          <div
            className="calendar-col cell clickable "
            onClick={[Function]}
          >
            <span
              className="number"
            >
              30
            </span>
            <span
              className="bg"
            >
              30
            </span>
          </div>
          <div
            className="calendar-col cell clickable "
            onClick={[Function]}
          >
            <span
              className="number"
            >
              31
            </span>
            <span
              className="bg"
            >
              31
            </span>
          </div>
          <div
            className="calendar-col cell clickable disabled"
            onClick={[Function]}
          >
            <span
              className="number"
            >
              1
            </span>
            <span
              className="bg"
            >
              1
            </span>
          </div>
          <div
            className="calendar-col cell clickable disabled"
            onClick={[Function]}
          >
            <span
              className="number"
            >
              2
            </span>
            <span
              className="bg"
            >
              2
            </span>
          </div>
          <div
            className="calendar-col cell clickable disabled"
            onClick={[Function]}
          >
            <span
              className="number"
            >
              3
            </span>
            <span
              className="bg"
            >
              3
            </span>
          </div>
        </div>
      </div>
    </div>
    <div
      className="clearfix"
    />
  </div>
  <footer
    className="Site-footer"
  >
    <div
      className="footer-content container-fluid"
    >
      <address>
        <strong>
          <i>
            Down Under Sports
          </i>
        </strong>
        <br />
        Phone:
        <a
          data-content="phone"
          href="tel:+1-435-753-4732"
        >
          435-753-4732
        </a>
        <br />
        Email:
        <a
          data-content="email"
          href="mailto:mail@downundersports.com"
        >
          mail@downundersports.com
        </a>
        <br />
        Mailing Address:
        <br
          className="d-sm-none"
        />
        <a
          data-content="mailing"
          href="/"
          onClick={[Function]}
        >
          PO Box 6010, North Logan, UT 84341-6010
        </a>
        <br />
        Physical Location:
        <br
          className="d-sm-none"
        />
        <a
          data-content="physical"
          href="https://maps.google.com/?q=Down Under Sports, 1755 N 400 E, Ste 201, North Logan, UT 84341-6010"
        >
          1755 N 400 E, Ste 201, North Logan, UT 84341-6010
        </a>
      </address>
      <hr
        className="d-md-none"
      />
      <div
        className="footer-menu"
      >
        <a
          className="footer-link bbb-logo"
          href="https://www.bbb.org/us/ut/north-logan/profile/athletic-organizations/down-under-sports-1166-2001870/#sealclick"
          style={
            Object {
              "backgroundImage": "url(https://seal-utah.bbb.org/logo/ruvtbul/bbb-2001870.png)",
              "backgroundRepeat": "no-repeat",
              "backgroundSize": "200%",
            }
          }
        />
        <a
          className="footer-link travelex-link"
          href="https://www.travelexinsurance.com/partners/login.aspx?location=44-0083"
          style={
            Object {
              "backgroundImage": "url(https://www.travelexinsurance.com/App_Themes/TIS/images/master_sprite1.png)",
              "backgroundPosition": "72.179% 0%",
              "backgroundRepeat": "no-repeat",
              "backgroundSize": "500%",
            }
          }
        />
      </div>
    </div>
  </footer>
</section>
`;
